// Jest Snapshot v1, https://goo.gl/fbAQLP

exports[`renders Row 1`] = `
.c0 {
  width: 100%;
  max-width: 1200px;
  margin-left: auto;
  margin-right: auto;
  display: -webkit-box;
  display: -webkit-flex;
  display: -ms-flexbox;
  display: flex;
  -webkit-flex-wrap: wrap;
  -ms-flex-wrap: wrap;
  flex-wrap: wrap;
  -webkit-align-items: center;
  -webkit-box-align: center;
  -ms-flex-align: center;
  align-items: center;
}

<div
  className="c0"
>
  ROW
</div>
`;
